// Jest Snapshot v1, https://goo.gl/fbAQLP

exports[`MetaTags component should renders correctly 1`] = `
Array [
  <title>
    Title
  </title>,
  <link
    href="/src/appleTouchIcon.png"
    rel="apple-touch-icon"
    sizes="180x180"
  />,
  <link
    href="/src/largeIcon.png"
    rel="icon"
    sizes="32x32"
    type="image/png"
  />,
  <link
    href="/src/smallIcon.png"
    rel="icon"
    sizes="16x16"
    type="image/png"
  />,
  <link
    href="/src/manifest.json"
    rel="manifest"
  />,
  <link
    color="#000000"
    href="/src/maskIcon.png"
    rel="mask-icon"
  />,
  <meta
    content="Description"
    name="description"
  />,
  <meta
    content="#ffffff"
    name="msapplication-TileColor"
  />,
  <meta
    content="#ffffff"
    name="theme-color"
  />,
  <meta
    content="website"
    property="og:type"
  />,
  <meta
    content="https://www.some.com"
    property="og:url"
  />,
  <meta
    content="Title"
    property="og:title"
  />,
  <meta
    content="Description"
    property="og:description"
  />,
  <meta
    content="/src/image.png"
    property="og:image"
  />,
  <meta
    content="summary_large_image"
    property="twitter:card"
  />,
  <meta
    content="https://www.some.com"
    property="twitter:url"
  />,
  <meta
    content="Title"
    property="twitter:title"
  />,
  <meta
    content="Description"
    property="twitter:description"
  />,
  <meta
    content="/src/image.png"
    property="twitter:image"
  />,
]
`;
